// Jest Snapshot v1, https://goo.gl/fbAQLP

exports[`Content renders correctly 1`] = `
<div
  className="content"
>
  <h1
    className="content__title"
  >
    test
  </h1>
  <div
    className="meta"
  >
    <span
      className="meta__date"
    >
      Published 
      10 Jul 2019
    </span>
    <span
      className="meta__dot"
    >
       Â· 
    </span>
    <span
      className="readTime"
    >
      <img
        alt="5min coffee icon"
        className="readTime__icon"
        src="file"
      />
      <img
        alt="5min coffee icon"
        className="readTime__icon"
        src="file"
      />
      <span
        className="readTime__text"
      >
        5 minutes
      </span>
    </span>
  </div>
  <div
    className="content__body"
  >
    <div />
  </div>
  <div
    className="citation"
  >
    <h3>
      Citation
    </h3>
    <blockquote
      className="citation__text"
    >
      Test name, (Jul 2019). "test". 
      <a
        href="http://localhost/2020/02/understanding-region-of-interest-ro-i-pooling"
      >
        http://localhost/2020/02/understanding-region-of-interest-ro-i-pooling
      </a>
    </blockquote>
    <b>
      or
    </b>
    <pre
      className="citation__code"
      data-language="javascript"
    >
      <code>
        @article{erdem2019understandingRegionOfInterestRoIPooling,
    title   = "test",
    author  = "Test name",
    journal = "http://localhost",
    year    = "2019",
    month   = "Jul",
    url     = "http://localhost/2020/02/understanding-region-of-interest-ro-i-pooling"
}

      </code>
    </pre>
  </div>
</div>
`;
