// Jest Snapshot v1, https://goo.gl/fbAQLP

exports[`PostTemplate renders correctly 1`] = `
Array [
  <div
    className="layout"
  >
    <div
      className="post"
    >
      <a
        className="post__home-button"
        href="/"
      >
        All Articles
      </a>
      <div
        className="post__content"
      >
        <div
          className="content"
        >
          <h1
            className="content__title"
          >
            test
          </h1>
          <div
            className="meta"
          >
            <span
              className="meta__date"
            >
              Published 
              1 Sep 2016
            </span>
          </div>
          <div
            className="content__body"
          >
            <div />
          </div>
          <div
            className="citation"
          >
            <h3>
              Citation
            </h3>
            <blockquote
              className="citation__text"
            >
              Test name, (Sep 2016). "test". 
              <a
                href="http://localhost/2020/02/understanding-region-of-interest-ro-i-pooling"
              >
                http://localhost/2020/02/understanding-region-of-interest-ro-i-pooling
              </a>
            </blockquote>
            <b>
              or
            </b>
            <pre
              className="citation__code"
              data-language="javascript"
            >
              <code>
                @article{erdem2016understandingRegionOfInterestRoIPooling,
    title   = "test",
    author  = "Test name",
    journal = "http://localhost",
    year    = "2016",
    month   = "Sep",
    url     = "http://localhost/2020/02/understanding-region-of-interest-ro-i-pooling"
}

              </code>
            </pre>
          </div>
        </div>
      </div>
      <div
        className="post__footer"
      >
        <div
          className="meta"
        >
          <span
            className="meta__date"
          >
            Published 
            1 Sep 2016
          </span>
        </div>
        <div
          className="tags"
        >
          <ul
            className="tags__list"
          >
            <li
              className="tags__list-item"
            >
              <a
                className="tags__list-item-link"
                href="/test_0"
              >
                test_0
              </a>
            </li>
            <li
              className="tags__list-item"
            >
              <a
                className="tags__list-item-link"
                href="/test_1"
              >
                test_1
              </a>
            </li>
          </ul>
        </div>
        <div
          className="author"
        >
          <p
            className="author__bio"
          >
            Test bio
            <a
              className="author__bio-twitter"
              href="https://www.twitter.com/#"
              rel="noopener noreferrer"
              target="_blank"
            >
              <strong>
                Test name
              </strong>
               on Twitter
            </a>
          </p>
        </div>
      </div>
      <div
        className="post__comments"
      />
    </div>
  </div>,
  <div
    className="cookieConsent "
    style={
      Object {
        "alignItems": "baseline",
        "background": "#353535",
        "backgroundColor": "#222",
        "bottom": "0",
        "color": "white",
        "display": "flex",
        "flexWrap": "wrap",
        "justifyContent": "space-between",
        "left": "0",
        "position": "fixed",
        "width": "100%",
        "zIndex": "999",
      }
    }
  >
    <div
      className=""
      style={
        Object {
          "flex": "1 0 300px",
          "margin": "15px",
        }
      }
    >
      This website uses cookies to enhance the user experience
    </div>
    <button
      className=""
      id=""
      onClick={[Function]}
      style={
        Object {
          "background": "#ffd42d",
          "border": "0",
          "borderRadius": "0px",
          "boxShadow": "none",
          "color": "black",
          "cursor": "pointer",
          "flex": "0 0 auto",
          "margin": "15px",
          "padding": "5px 10px",
        }
      }
    >
      I understand
    </button>
  </div>,
]
`;
